******************************************************************************
             TMS320C2000 Linker PC v15.12.3                    
******************************************************************************
>> Linked Thu Dec 01 04:18:21 2016

OUTPUT FILE NAME:   <Lab8.out>
ENTRY POINT SYMBOL: "_c_int00"  address: 0000b7e8


MEMORY CONFIGURATION

         name            origin    length      used     unused   attr    fill
----------------------  --------  ---------  --------  --------  ----  --------
PAGE 0:
  BEGIN                 00000000   00000002  00000000  00000002  RWIX
  RAMM0                 00000050   000003b0  00000000  000003b0  RWIX
  RAML0                 00008000   00001000  00000053  00000fad  RWIX
  RAML1                 00009000   00003000  00002d2e  000002d2  RWIX
  ZONE7A                00200000   0000fc00  00000000  0000fc00  RWIX
  CSM_RSVD              0033ff80   00000076  00000000  00000076  RWIX
  CSM_PWL               0033fff8   00000008  00000000  00000008  RWIX
  ADC_CAL               00380080   00000009  00000007  00000002  RWIX
  IQTABLES              003fe000   00000b50  00000000  00000b50  RWIX
  IQTABLES2             003feb50   0000008c  00000000  0000008c  RWIX
  FPUTABLES             003febdc   000006a0  00000000  000006a0  RWIX
  BOOTROM               003ff27c   00000d44  00000000  00000d44  RWIX
  RESET                 003fffc0   00000002  00000000  00000002  RWIX

PAGE 1:
  BOOT_RSVD             00000002   0000004e  00000000  0000004e  RWIX
  RAMM1                 00000400   00000400  00000300  00000100  RWIX
  DEV_EMU               00000880   00000180  000000d0  000000b0  RWIX
  FLASH_REGS            00000a80   00000060  00000008  00000058  RWIX
  CSM                   00000ae0   00000010  00000010  00000000  RWIX
  ADC_MIRROR            00000b00   00000010  00000010  00000000  RWIX
  XINTF                 00000b20   00000020  0000001e  00000002  RWIX
  CPU_TIMER0            00000c00   00000008  00000008  00000000  RWIX
  CPU_TIMER1            00000c08   00000008  00000008  00000000  RWIX
  CPU_TIMER2            00000c10   00000008  00000008  00000000  RWIX
  PIE_CTRL              00000ce0   00000020  0000001a  00000006  RWIX
  PIE_VECT              00000d00   00000100  00000100  00000000  RWIX
  DMA                   00001000   00000200  000000e0  00000120  RWIX
  MCBSPA                00005000   00000040  00000025  0000001b  RWIX
  MCBSPB                00005040   00000040  00000025  0000001b  RWIX
  ECANA                 00006000   00000040  00000034  0000000c  RWIX
  ECANA_LAM             00006040   00000040  00000040  00000000  RWIX
  ECANA_MOTS            00006080   00000040  00000040  00000000  RWIX
  ECANA_MOTO            000060c0   00000040  00000040  00000000  RWIX
  ECANA_MBOX            00006100   00000100  00000100  00000000  RWIX
  ECANB                 00006200   00000040  00000034  0000000c  RWIX
  ECANB_LAM             00006240   00000040  00000040  00000000  RWIX
  ECANB_MOTS            00006280   00000040  00000040  00000000  RWIX
  ECANB_MOTO            000062c0   00000040  00000040  00000000  RWIX
  ECANB_MBOX            00006300   00000100  00000100  00000000  RWIX
  EPWM1                 00006800   00000022  00000022  00000000  RWIX
  EPWM2                 00006840   00000022  00000022  00000000  RWIX
  EPWM3                 00006880   00000022  00000022  00000000  RWIX
  EPWM4                 000068c0   00000022  00000022  00000000  RWIX
  EPWM5                 00006900   00000022  00000022  00000000  RWIX
  EPWM6                 00006940   00000022  00000022  00000000  RWIX
  ECAP1                 00006a00   00000020  00000020  00000000  RWIX
  ECAP2                 00006a20   00000020  00000020  00000000  RWIX
  ECAP3                 00006a40   00000020  00000020  00000000  RWIX
  ECAP4                 00006a60   00000020  00000020  00000000  RWIX
  ECAP5                 00006a80   00000020  00000020  00000000  RWIX
  ECAP6                 00006aa0   00000020  00000020  00000000  RWIX
  EQEP1                 00006b00   00000040  00000040  00000000  RWIX
  EQEP2                 00006b40   00000040  00000040  00000000  RWIX
  GPIOCTRL              00006f80   00000040  0000002e  00000012  RWIX
  GPIODAT               00006fc0   00000020  00000020  00000000  RWIX
  GPIOINT               00006fe0   00000020  0000000a  00000016  RWIX
  SYSTEM                00007010   00000020  00000020  00000000  RWIX
  SPIA                  00007040   00000010  00000010  00000000  RWIX
  SCIA                  00007050   00000010  00000010  00000000  RWIX
  XINTRUPT              00007070   00000010  00000010  00000000  RWIX
  ADC                   00007100   00000020  0000001e  00000002  RWIX
  SCIB                  00007750   00000010  00000010  00000000  RWIX
  SCIC                  00007770   00000010  00000010  00000000  RWIX
  I2CA                  00007900   00000040  00000022  0000001e  RWIX
  RAML4                 0000c000   00001000  000009ef  00000611  RWIX
  RAML5                 0000d000   00001000  00000384  00000c7c  RWIX
  RAML6                 0000e000   00001000  00000400  00000c00  RWIX
  RAML7                 0000f000   00001000  00000000  00001000  RWIX
  ZONE7                 00210000   00010000  00000000  00010000  RWIX
  ZONE7B                00220000   00000400  00000000  00000400  RWIX
  CSM_PWL               0033fff8   00000008  00000008  00000000  RWIX
  PARTID                00380090   00000001  00000001  00000000  RWIX


SECTION ALLOCATION MAP

 output                                  attributes/
section   page    origin      length       input sections
--------  ----  ----------  ----------   ----------------
.cinit     0    00008000    0000004f     
                  00008000    00000031     PART3.obj (.cinit)
                  00008031    0000000e     rts2800_fpu32.lib : exit.obj (.cinit)
                  0000803f    00000005                       : _lock.obj (.cinit:__lock)
                  00008044    00000005                       : _lock.obj (.cinit:__unlock)
                  00008049    00000004                       : errno.obj (.cinit)
                  0000804d    00000002     --HOLE-- [fill = 0]

ramfuncs   0    0000804f    00000004     
                  0000804f    00000004     DSP2833x_usDelay.obj (ramfuncs)

.text      0    00009000    00002d2e     
                  00009000    00000bd9     rts2800_fpu32.lib : _printfi.obj (.text)
                  00009bd9    000003e7     DSP2833x_DMA.obj (.text)
                  00009fc0    00000316     DSP2833x_DefaultIsr.obj (.text:retain)
                  0000a2d6    00000211     CFFT_f32u.obj (.text)
                  0000a4e7    00000001     rts2800_fpu32.lib : startup.obj (.text)
                  0000a4e8    000001ef     CFFT_f32.obj (.text)
                  0000a6d7    000001ea     PART3.obj (.text)
                  0000a8c1    00000001     --HOLE-- [fill = 0]
                  0000a8c2    00000138     RFFT_adc_f32.obj (.text)
                  0000a9fa    0000011d     RFFT_f32.obj (.text)
                  0000ab17    0000011a     PART3.obj (.text:retain)
                  0000ac31    00000107     rts2800_fpu32.lib : ll_div.obj (.text)
                  0000ad38    000000f8     DSP2833x_SysCtrl.obj (.text)
                  0000ae30    000000d4     rts2800_fpu32.lib : e_atan2f.obj (.text)
                  0000af04    000000c9                       : s_atanf.obj (.text)
                  0000afcd    000000bc                       : s_scalbn.obj (.text)
                  0000b089    000000bb     EEL4511_LCD.obj (.text)
                  0000b144    0000009e     RFFT_adc_f32u.obj (.text)
                  0000b1e2    0000009c     rts2800_fpu32.lib : fd_add.obj (.text)
                  0000b27e    0000008b                       : fd_div.obj (.text)
                  0000b309    00000088                       : fs_div.obj (.text)
                  0000b391    00000087     OneToOneI2CDriver.obj (.text)
                  0000b418    00000085     RFFT_f32u.obj (.text)
                  0000b49d    00000083     rts2800_fpu32.lib : fd_mpy.obj (.text)
                  0000b520    00000078     EEL4511_ADC.obj (.text)
                  0000b598    00000073     DSP2833x_CpuTimers.obj (.text)
                  0000b60b    0000006d     RFFT_f32_sincostable.obj (.text)
                  0000b678    00000061     rts2800_fpu32.lib : s_cosf.obj (.text)
                  0000b6d9    0000005c     EEL4511_DAC.obj (.text)
                  0000b735    0000005b     rts2800_fpu32.lib : s_frexp.obj (.text)
                  0000b790    00000058                       : s_sinf.obj (.text)
                  0000b7e8    00000056                       : boot.obj (.text)
                  0000b83e    00000055     RFFT_f32s_mag.obj (.text)
                  0000b893    00000049     RFFT_f32_phase.obj (.text)
                  0000b8dc    00000046     rts2800_fpu32.lib : cpy_tbl.obj (.text)
                  0000b922    00000044     RFFT_f32_mag.obj (.text)
                  0000b966    00000043     EEL4511_GPIO.obj (.text)
                  0000b9a9    00000041     CFFT_f32s_mag.obj (.text)
                  0000b9ea    00000032     rts2800_fpu32.lib : sprintf.obj (.text)
                  0000ba1c    00000031                       : atoi.obj (.text)
                  0000ba4d    00000030     CFFT_f32_mag.obj (.text)
                  0000ba7d    0000002e     rts2800_fpu32.lib : ltoa.obj (.text)
                  0000baab    0000002b     CFFT_f32_phase.obj (.text)
                  0000bad6    0000002a     rts2800_fpu32.lib : fd_cmp.obj (.text)
                  0000bb00    0000002a                       : l_div.obj (.text)
                  0000bb2a    00000029                       : exit.obj (.text)
                  0000bb53    00000001     --HOLE-- [fill = 0]
                  0000bb54    00000025                       : e_sqrtf.obj (.text)
                  0000bb79    00000023                       : fd_tofs.obj (.text)
                  0000bb9c    00000022                       : s_copysign.obj (.text)
                  0000bbbe    00000021                       : fd_toi.obj (.text)
                  0000bbdf    0000001f                       : fd_tol.obj (.text)
                  0000bbfe    0000001e                       : ll_cmp.obj (.text)
                  0000bc1c    0000001e                       : memcpy.obj (.text)
                  0000bc3a    0000001d                       : i_tofd.obj (.text)
                  0000bc57    0000001c                       : fs_tofd.obj (.text)
                  0000bc73    0000001c                       : l_tofd.obj (.text)
                  0000bc8f    0000001a                       : cpy_utils.obj (.text)
                  0000bca9    00000019                       : args_main.obj (.text)
                  0000bcc2    00000018                       : ll_aox.obj (.text)
                  0000bcda    0000000e                       : fd_sub.obj (.text)
                  0000bce8    0000000d                       : memccpy.obj (.text)
                  0000bcf5    0000000c                       : memset.obj (.text)
                  0000bd01    0000000c                       : strchr.obj (.text)
                  0000bd0d    00000009                       : _lock.obj (.text)
                  0000bd16    00000009                       : fd_neg.obj (.text)
                  0000bd1f    00000008                       : strlen.obj (.text)
                  0000bd27    00000005                       : strcpy.obj (.text)
                  0000bd2c    00000002                       : pre_init.obj (.text)

.pinit     0    00008000    00000000     UNINITIALIZED

.adc_cal   0    00380080    00000007     NOLOAD SECTION
                  00380080    00000007     DSP2833x_ADC_cal.obj (.adc_cal)

.stack     1    00000400    00000300     UNINITIALIZED
                  00000400    00000300     --HOLE--

DevEmuRegsFile 
*          1    00000880    000000d0     UNINITIALIZED
                  00000880    000000d0     DSP2833x_GlobalVariableDefs.obj (DevEmuRegsFile)

FlashRegsFile 
*          1    00000a80    00000008     UNINITIALIZED
                  00000a80    00000008     DSP2833x_GlobalVariableDefs.obj (FlashRegsFile)

CsmRegsFile 
*          1    00000ae0    00000010     UNINITIALIZED
                  00000ae0    00000010     DSP2833x_GlobalVariableDefs.obj (CsmRegsFile)

AdcMirrorFile 
*          1    00000b00    00000010     UNINITIALIZED
                  00000b00    00000010     DSP2833x_GlobalVariableDefs.obj (AdcMirrorFile)

XintfRegsFile 
*          1    00000b20    0000001e     UNINITIALIZED
                  00000b20    0000001e     DSP2833x_GlobalVariableDefs.obj (XintfRegsFile)

CpuTimer0RegsFile 
*          1    00000c00    00000008     UNINITIALIZED
                  00000c00    00000008     DSP2833x_GlobalVariableDefs.obj (CpuTimer0RegsFile)

CpuTimer1RegsFile 
*          1    00000c08    00000008     UNINITIALIZED
                  00000c08    00000008     DSP2833x_GlobalVariableDefs.obj (CpuTimer1RegsFile)

CpuTimer2RegsFile 
*          1    00000c10    00000008     UNINITIALIZED
                  00000c10    00000008     DSP2833x_GlobalVariableDefs.obj (CpuTimer2RegsFile)

PieCtrlRegsFile 
*          1    00000ce0    0000001a     UNINITIALIZED
                  00000ce0    0000001a     DSP2833x_GlobalVariableDefs.obj (PieCtrlRegsFile)

PieVectTableFile 
*          1    00000d00    00000100     UNINITIALIZED
                  00000d00    00000100     DSP2833x_GlobalVariableDefs.obj (PieVectTableFile)

DmaRegsFile 
*          1    00001000    000000e0     UNINITIALIZED
                  00001000    000000e0     DSP2833x_GlobalVariableDefs.obj (DmaRegsFile)

McbspaRegsFile 
*          1    00005000    00000025     UNINITIALIZED
                  00005000    00000025     DSP2833x_GlobalVariableDefs.obj (McbspaRegsFile)

McbspbRegsFile 
*          1    00005040    00000025     UNINITIALIZED
                  00005040    00000025     DSP2833x_GlobalVariableDefs.obj (McbspbRegsFile)

ECanaRegsFile 
*          1    00006000    00000034     UNINITIALIZED
                  00006000    00000034     DSP2833x_GlobalVariableDefs.obj (ECanaRegsFile)

ECanaLAMRegsFile 
*          1    00006040    00000040     UNINITIALIZED
                  00006040    00000040     DSP2833x_GlobalVariableDefs.obj (ECanaLAMRegsFile)

ECanaMOTSRegsFile 
*          1    00006080    00000040     UNINITIALIZED
                  00006080    00000040     DSP2833x_GlobalVariableDefs.obj (ECanaMOTSRegsFile)

ECanaMOTORegsFile 
*          1    000060c0    00000040     UNINITIALIZED
                  000060c0    00000040     DSP2833x_GlobalVariableDefs.obj (ECanaMOTORegsFile)

ECanaMboxesFile 
*          1    00006100    00000100     UNINITIALIZED
                  00006100    00000100     DSP2833x_GlobalVariableDefs.obj (ECanaMboxesFile)

ECanbRegsFile 
*          1    00006200    00000034     UNINITIALIZED
                  00006200    00000034     DSP2833x_GlobalVariableDefs.obj (ECanbRegsFile)

ECanbLAMRegsFile 
*          1    00006240    00000040     UNINITIALIZED
                  00006240    00000040     DSP2833x_GlobalVariableDefs.obj (ECanbLAMRegsFile)

ECanbMOTSRegsFile 
*          1    00006280    00000040     UNINITIALIZED
                  00006280    00000040     DSP2833x_GlobalVariableDefs.obj (ECanbMOTSRegsFile)

ECanbMOTORegsFile 
*          1    000062c0    00000040     UNINITIALIZED
                  000062c0    00000040     DSP2833x_GlobalVariableDefs.obj (ECanbMOTORegsFile)

ECanbMboxesFile 
*          1    00006300    00000100     UNINITIALIZED
                  00006300    00000100     DSP2833x_GlobalVariableDefs.obj (ECanbMboxesFile)

EPwm1RegsFile 
*          1    00006800    00000022     UNINITIALIZED
                  00006800    00000022     DSP2833x_GlobalVariableDefs.obj (EPwm1RegsFile)

EPwm2RegsFile 
*          1    00006840    00000022     UNINITIALIZED
                  00006840    00000022     DSP2833x_GlobalVariableDefs.obj (EPwm2RegsFile)

EPwm3RegsFile 
*          1    00006880    00000022     UNINITIALIZED
                  00006880    00000022     DSP2833x_GlobalVariableDefs.obj (EPwm3RegsFile)

EPwm4RegsFile 
*          1    000068c0    00000022     UNINITIALIZED
                  000068c0    00000022     DSP2833x_GlobalVariableDefs.obj (EPwm4RegsFile)

EPwm5RegsFile 
*          1    00006900    00000022     UNINITIALIZED
                  00006900    00000022     DSP2833x_GlobalVariableDefs.obj (EPwm5RegsFile)

EPwm6RegsFile 
*          1    00006940    00000022     UNINITIALIZED
                  00006940    00000022     DSP2833x_GlobalVariableDefs.obj (EPwm6RegsFile)

ECap1RegsFile 
*          1    00006a00    00000020     UNINITIALIZED
                  00006a00    00000020     DSP2833x_GlobalVariableDefs.obj (ECap1RegsFile)

ECap2RegsFile 
*          1    00006a20    00000020     UNINITIALIZED
                  00006a20    00000020     DSP2833x_GlobalVariableDefs.obj (ECap2RegsFile)

ECap3RegsFile 
*          1    00006a40    00000020     UNINITIALIZED
                  00006a40    00000020     DSP2833x_GlobalVariableDefs.obj (ECap3RegsFile)

ECap4RegsFile 
*          1    00006a60    00000020     UNINITIALIZED
                  00006a60    00000020     DSP2833x_GlobalVariableDefs.obj (ECap4RegsFile)

ECap5RegsFile 
*          1    00006a80    00000020     UNINITIALIZED
                  00006a80    00000020     DSP2833x_GlobalVariableDefs.obj (ECap5RegsFile)

ECap6RegsFile 
*          1    00006aa0    00000020     UNINITIALIZED
                  00006aa0    00000020     DSP2833x_GlobalVariableDefs.obj (ECap6RegsFile)

EQep1RegsFile 
*          1    00006b00    00000040     UNINITIALIZED
                  00006b00    00000040     DSP2833x_GlobalVariableDefs.obj (EQep1RegsFile)

EQep2RegsFile 
*          1    00006b40    00000040     UNINITIALIZED
                  00006b40    00000040     DSP2833x_GlobalVariableDefs.obj (EQep2RegsFile)

GpioCtrlRegsFile 
*          1    00006f80    0000002e     UNINITIALIZED
                  00006f80    0000002e     DSP2833x_GlobalVariableDefs.obj (GpioCtrlRegsFile)

GpioDataRegsFile 
*          1    00006fc0    00000020     UNINITIALIZED
                  00006fc0    00000020     DSP2833x_GlobalVariableDefs.obj (GpioDataRegsFile)

GpioIntRegsFile 
*          1    00006fe0    0000000a     UNINITIALIZED
                  00006fe0    0000000a     DSP2833x_GlobalVariableDefs.obj (GpioIntRegsFile)

SysCtrlRegsFile 
*          1    00007010    00000020     UNINITIALIZED
                  00007010    00000020     DSP2833x_GlobalVariableDefs.obj (SysCtrlRegsFile)

SpiaRegsFile 
*          1    00007040    00000010     UNINITIALIZED
                  00007040    00000010     DSP2833x_GlobalVariableDefs.obj (SpiaRegsFile)

SciaRegsFile 
*          1    00007050    00000010     UNINITIALIZED
                  00007050    00000010     DSP2833x_GlobalVariableDefs.obj (SciaRegsFile)

XIntruptRegsFile 
*          1    00007070    00000010     UNINITIALIZED
                  00007070    00000010     DSP2833x_GlobalVariableDefs.obj (XIntruptRegsFile)

AdcRegsFile 
*          1    00007100    0000001e     UNINITIALIZED
                  00007100    0000001e     DSP2833x_GlobalVariableDefs.obj (AdcRegsFile)

ScibRegsFile 
*          1    00007750    00000010     UNINITIALIZED
                  00007750    00000010     DSP2833x_GlobalVariableDefs.obj (ScibRegsFile)

ScicRegsFile 
*          1    00007770    00000010     UNINITIALIZED
                  00007770    00000010     DSP2833x_GlobalVariableDefs.obj (ScicRegsFile)

I2caRegsFile 
*          1    00007900    00000022     UNINITIALIZED
                  00007900    00000022     DSP2833x_GlobalVariableDefs.obj (I2caRegsFile)

DMARAML4   1    0000c000    00000600     UNINITIALIZED
                  0000c000    00000600     PART3.obj (DMARAML4)

.econst    1    0000c600    0000039e     
                  0000c600    00000200     PART3.obj (.econst:_$P$T0$1)
                  0000c800    00000101     rts2800_fpu32.lib : ctype.obj (.econst:.string:__ctypes_)
                  0000c901    00000001     OneToOneI2CDriver.obj (.econst)
                  0000c902    00000026     rts2800_fpu32.lib : _printfi.obj (.econst:.string)
                  0000c928    0000001c                       : _printfi.obj (.econst)
                  0000c944    0000001c                       : s_scalbn.obj (.econst)
                  0000c960    0000000c                       : e_atan2f.obj (.econst)
                  0000c96c    0000000a                       : s_atanf.obj (.econst:_aT)
                  0000c976    00000008                       : s_atanf.obj (.econst:_atanhi)
                  0000c97e    00000008                       : s_atanf.obj (.econst:_atanlo)
                  0000c986    00000008                       : s_frexp.obj (.econst)
                  0000c98e    00000007     PART3.obj (.econst:.string)
                  0000c995    00000001     --HOLE-- [fill = 0]
                  0000c996    00000004     PART3.obj (.econst)
                  0000c99a    00000004     rts2800_fpu32.lib : s_atanf.obj (.econst)

.ebss      1    0000c99e    00000051     UNINITIALIZED
                  0000c99e    00000018     DSP2833x_CpuTimers.obj (.ebss)
                  0000c9b6    00000006     PART3.obj (.ebss)
                  0000c9bc    00000002     rts2800_fpu32.lib : _lock.obj (.ebss:__lock)
                  0000c9be    00000002                       : _lock.obj (.ebss:__unlock)
                  0000c9c0    00000014     CFFT_f32.obj (.ebss)
                  0000c9d4    00000014     CFFT_f32u.obj (.ebss)
                  0000c9e8    00000006     rts2800_fpu32.lib : exit.obj (.ebss)
                  0000c9ee    00000001                       : errno.obj (.ebss)

DMARAML5   1    0000d000    00000384     UNINITIALIZED
                  0000d000    00000384     PART3.obj (DMARAML5)

DMARAML6   1    0000e000    00000400     UNINITIALIZED
                  0000e000    00000400     PART3.obj (DMARAML6)

.reset     0    003fffc0    00000002     DSECT
                  003fffc0    00000002     rts2800_fpu32.lib : boot.obj (.reset)

csm_rsvd   0    0033ff80    00000000     DSECT

csmpasswds 
*          0    0033fff8    00000000     DSECT

CsmPwlFile 
*          1    0033fff8    00000008     UNINITIALIZED
                  0033fff8    00000008     DSP2833x_GlobalVariableDefs.obj (CsmPwlFile)

PartIdRegsFile 
*          1    00380090    00000001     UNINITIALIZED
                  00380090    00000001     DSP2833x_GlobalVariableDefs.obj (PartIdRegsFile)

MODULE SUMMARY

       Module                            code    ro data   rw data
       ------                            ----    -------   -------
    .\
       PART3.obj                         772     0         4038   
    +--+---------------------------------+-------+---------+---------+
       Total:                            772     0         4038   
                                                                  
    .\CFFT\
       CFFT_f32u.obj                     529     0         20     
       CFFT_f32.obj                      495     0         20     
       CFFT_f32s_mag.obj                 65      0         0      
       CFFT_f32_mag.obj                  48      0         0      
       CFFT_f32_phase.obj                43      0         0      
    +--+---------------------------------+-------+---------+---------+
       Total:                            1180    0         40     
                                                                  
    .\Common\
       DSP2833x_GlobalVariableDefs.obj   0       0         2679   
       DSP2833x_DMA.obj                  999     0         0      
       DSP2833x_DefaultIsr.obj           790     0         0      
       DSP2833x_SysCtrl.obj              248     0         0      
       DSP2833x_CpuTimers.obj            115     0         24     
       DSP2833x_ADC_cal.obj              7       0         0      
       DSP2833x_usDelay.obj              4       0         0      
    +--+---------------------------------+-------+---------+---------+
       Total:                            2163    0         2703   
                                                                  
    .\EEL4511 Libraries\
       EEL4511_LCD.obj                   187     0         0      
       OneToOneI2CDriver.obj             135     0         1      
       EEL4511_ADC.obj                   120     0         0      
       EEL4511_DAC.obj                   92      0         0      
       EEL4511_GPIO.obj                  67      0         0      
    +--+---------------------------------+-------+---------+---------+
       Total:                            601     0         1      
                                                                  
    .\RFFT\
       RFFT_adc_f32.obj                  312     0         0      
       RFFT_f32.obj                      285     0         0      
       RFFT_adc_f32u.obj                 158     0         0      
       RFFT_f32u.obj                     133     0         0      
       RFFT_f32_sincostable.obj          109     0         0      
       RFFT_f32s_mag.obj                 85      0         0      
       RFFT_f32_phase.obj                73      0         0      
       RFFT_f32_mag.obj                  68      0         0      
    +--+---------------------------------+-------+---------+---------+
       Total:                            1223    0         0      
                                                                  
    C:\ti\ccsv6\tools\compiler\c2000_15.12.3.LTS\lib\rts2800_fpu32.lib
       _printfi.obj                      3033    0         66     
       ll_div.obj                        263     0         0      
       ctype.obj                         0       0         257    
       s_atanf.obj                       201     0         30     
       e_atan2f.obj                      212     0         12     
       s_scalbn.obj                      188     0         28     
       fd_add.obj                        156     0         0      
       fd_div.obj                        139     0         0      
       fs_div.obj                        136     0         0      
       fd_mpy.obj                        131     0         0      
       s_frexp.obj                       91      0         8      
       s_cosf.obj                        97      0         0      
       s_sinf.obj                        88      0         0      
       boot.obj                          86      0         0      
       cpy_tbl.obj                       70      0         0      
       exit.obj                          41      0         20     
       sprintf.obj                       50      0         0      
       atoi.obj                          49      0         0      
       ltoa.obj                          46      0         0      
       fd_cmp.obj                        42      0         0      
       l_div.obj                         42      0         0      
       e_sqrtf.obj                       37      0         0      
       fd_tofs.obj                       35      0         0      
       s_copysign.obj                    34      0         0      
       fd_toi.obj                        33      0         0      
       fd_tol.obj                        31      0         0      
       ll_cmp.obj                        30      0         0      
       memcpy.obj                        30      0         0      
       i_tofd.obj                        29      0         0      
       fs_tofd.obj                       28      0         0      
       l_tofd.obj                        28      0         0      
       cpy_utils.obj                     26      0         0      
       args_main.obj                     25      0         0      
       ll_aox.obj                        24      0         0      
       _lock.obj                         9       0         14     
       fd_sub.obj                        14      0         0      
       memccpy.obj                       13      0         0      
       memset.obj                        12      0         0      
       strchr.obj                        12      0         0      
       fd_neg.obj                        9       0         0      
       strlen.obj                        8       0         0      
       errno.obj                         0       0         5      
       strcpy.obj                        5       0         0      
       pre_init.obj                      2       0         0      
       startup.obj                       1       0         0      
    +--+---------------------------------+-------+---------+---------+
       Total:                            5636    0         440    
                                                                  
       Stack:                            0       0         768    
    +--+---------------------------------+-------+---------+---------+
       Grand Total:                      11575   0         7990   


GLOBAL DATA SYMBOLS: SORTED BY DATA PAGE

address     data page           name
--------    ----------------    ----
00000400      10 (00000400)     __stack

00000880      22 (00000880)     _DevEmuRegs

00000a80      2a (00000a80)     _FlashRegs

00000ae0      2b (00000ac0)     _CsmRegs

00000b00      2c (00000b00)     _AdcMirror
00000b20      2c (00000b00)     _XintfRegs

00000c00      30 (00000c00)     _CpuTimer0Regs
00000c08      30 (00000c00)     _CpuTimer1Regs
00000c10      30 (00000c00)     _CpuTimer2Regs

00000ce0      33 (00000cc0)     _PieCtrlRegs

00000d00      34 (00000d00)     _PieVectTable

00001000      40 (00001000)     _DmaRegs

00005000     140 (00005000)     _McbspaRegs

00005040     141 (00005040)     _McbspbRegs

00006000     180 (00006000)     _ECanaRegs

00006040     181 (00006040)     _ECanaLAMRegs

00006080     182 (00006080)     _ECanaMOTSRegs

000060c0     183 (000060c0)     _ECanaMOTORegs

00006100     184 (00006100)     _ECanaMboxes

00006200     188 (00006200)     _ECanbRegs

00006240     189 (00006240)     _ECanbLAMRegs

00006280     18a (00006280)     _ECanbMOTSRegs

000062c0     18b (000062c0)     _ECanbMOTORegs

00006300     18c (00006300)     _ECanbMboxes

00006800     1a0 (00006800)     _EPwm1Regs

00006840     1a1 (00006840)     _EPwm2Regs

00006880     1a2 (00006880)     _EPwm3Regs

000068c0     1a3 (000068c0)     _EPwm4Regs

00006900     1a4 (00006900)     _EPwm5Regs

00006940     1a5 (00006940)     _EPwm6Regs

00006a00     1a8 (00006a00)     _ECap1Regs
00006a20     1a8 (00006a00)     _ECap2Regs

00006a40     1a9 (00006a40)     _ECap3Regs
00006a60     1a9 (00006a40)     _ECap4Regs

00006a80     1aa (00006a80)     _ECap5Regs
00006aa0     1aa (00006a80)     _ECap6Regs

00006b00     1ac (00006b00)     _EQep1Regs

00006b40     1ad (00006b40)     _EQep2Regs

00006f80     1be (00006f80)     _GpioCtrlRegs

00006fc0     1bf (00006fc0)     _GpioDataRegs
00006fe0     1bf (00006fc0)     _GpioIntRegs

00007010     1c0 (00007000)     _SysCtrlRegs

00007040     1c1 (00007040)     _SpiaRegs
00007050     1c1 (00007040)     _SciaRegs
00007070     1c1 (00007040)     _XIntruptRegs

00007100     1c4 (00007100)     _AdcRegs

00007750     1dd (00007740)     _ScibRegs
00007770     1dd (00007740)     _ScicRegs

00007900     1e4 (00007900)     _I2caRegs

0000c000     300 (0000c000)     _ping_2

0000c100     304 (0000c100)     _pong_2

0000c200     308 (0000c200)     _ping_1

0000c400     310 (0000c400)     _pong_1

0000c800     320 (0000c800)     __ctypes_

0000c99e     326 (0000c980)     _CpuTimer1
0000c9a6     326 (0000c980)     _CpuTimer2
0000c9ae     326 (0000c980)     _CpuTimer0
0000c9b6     326 (0000c980)     _count
0000c9b7     326 (0000c980)     _program_state
0000c9b8     326 (0000c980)     _ready
0000c9ba     326 (0000c980)     _freq
0000c9bc     326 (0000c980)     __lock
0000c9be     326 (0000c980)     __unlock

0000c9e8     327 (0000c9c0)     ___TI_enable_exit_profile_output
0000c9ea     327 (0000c9c0)     ___TI_cleanup_ptr
0000c9ec     327 (0000c9c0)     ___TI_dtors_ptr
0000c9ee     327 (0000c9c0)     _errno

0000d000     340 (0000d000)     _garbage
0000d002     340 (0000d000)     _rfft

0000d040     341 (0000d040)     _RFFTmagBuff

0000d180     346 (0000d180)     _audio

0000e000     380 (0000e000)     _RFFTF32Coef

0000e200     388 (0000e200)     _RFFToutBuff

0033fff8    cfff (0033ffc0)     _CsmPwl

00380090    e002 (00380080)     _PartIdRegs


GLOBAL SYMBOLS: SORTED ALPHABETICALLY BY Name 

page  address   name                                   
----  -------   ----                                   
0     00009000  .text                                  
0     0000bb2a  C$$EXIT                                
0     0000b1e2  FD$$ADD                                
0     0000bad6  FD$$CMP                                
0     0000b27e  FD$$DIV                                
0     0000b49d  FD$$MPY                                
0     0000bd16  FD$$NEG                                
0     0000bcda  FD$$SUB                                
0     0000bb79  FD$$TOFS                               
0     0000bbbe  FD$$TOI                                
0     0000bbdf  FD$$TOL                                
0     0000b309  FS$$DIV                                
0     0000bc57  FS$$TOFD                               
0     0000bc3a  I$$TOFD                                
0     0000bb00  L$$DIV                                 
0     0000bb0f  L$$MOD                                 
0     0000bc73  L$$TOFD                                
0     0000bcc2  LL$$AND                                
0     0000bbfe  LL$$CMP                                
0     0000ac31  LL$$DIV                                
0     0000ac6d  LL$$MOD                                
0     0000bcca  LL$$OR                                 
0     0000bcd2  LL$$XOR                                
0     0000bb1d  UL$$DIV                                
0     0000bb24  UL$$MOD                                
0     0000bc10  ULL$$CMP                               
0     0000aca7  ULL$$DIV                               
0     0000acd6  ULL$$MOD                               
0     0000a0a6  _ADCINT_ISR                            
0     00380080  _ADC_cal                               
0     0000b57a  _ADC_in                                
1     00000b00  _AdcMirror                             
1     00007100  _AdcRegs                               
0     0000a4e8  _CFFT_f32                              
0     0000ba4d  _CFFT_f32_mag                          
0     0000baab  _CFFT_f32_phase                        
0     0000b9a9  _CFFT_f32s_mag                         
0     0000a2d6  _CFFT_f32u                             
0     0000b5d1  _ConfigCpuTimer                        
1     0000c9ae  _CpuTimer0                             
1     00000c00  _CpuTimer0Regs                         
1     0000c99e  _CpuTimer1                             
1     00000c08  _CpuTimer1Regs                         
1     0000c9a6  _CpuTimer2                             
1     00000c10  _CpuTimer2Regs                         
1     0033fff8  _CsmPwl                                
1     00000ae0  _CsmRegs                               
0     0000adff  _CsmUnlock                             
0     0000b72b  _DAC_out                               
0     00009fd4  _DATALOG_ISR                           
0     0000a1c8  _DINTCH1_ISR                           
0     0000a1d2  _DINTCH2_ISR                           
0     0000a1dc  _DINTCH3_ISR                           
0     0000a1e6  _DINTCH4_ISR                           
0     0000a1f0  _DINTCH5_ISR                           
0     0000a1fa  _DINTCH6_ISR                           
0     00009be2  _DMACH1AddrConfig                      
0     00009bf2  _DMACH1BurstConfig                     
0     00009c25  _DMACH1ModeConfig                      
0     00009c02  _DMACH1TransferConfig                  
0     00009c12  _DMACH1WrapConfig                      
0     00009c87  _DMACH2AddrConfig                      
0     00009c97  _DMACH2BurstConfig                     
0     00009cca  _DMACH2ModeConfig                      
0     00009ca7  _DMACH2TransferConfig                  
0     00009cb7  _DMACH2WrapConfig                      
0     00009d2c  _DMACH3AddrConfig                      
0     00009d3c  _DMACH3BurstConfig                     
0     00009d6f  _DMACH3ModeConfig                      
0     00009d4c  _DMACH3TransferConfig                  
0     00009d5c  _DMACH3WrapConfig                      
0     00009dd1  _DMACH4AddrConfig                      
0     00009de1  _DMACH4BurstConfig                     
0     00009e14  _DMACH4ModeConfig                      
0     00009df1  _DMACH4TransferConfig                  
0     00009e01  _DMACH4WrapConfig                      
0     00009e76  _DMACH5AddrConfig                      
0     00009e86  _DMACH5BurstConfig                     
0     00009eb9  _DMACH5ModeConfig                      
0     00009e96  _DMACH5TransferConfig                  
0     00009ea6  _DMACH5WrapConfig                      
0     00009f1b  _DMACH6AddrConfig                      
0     00009f2b  _DMACH6BurstConfig                     
0     00009f5e  _DMACH6ModeConfig                      
0     00009f3b  _DMACH6TransferConfig                  
0     00009f4b  _DMACH6WrapConfig                      
0     00009bd9  _DMAInitialize                         
0     0000abbe  _DMA_CH2                               
0     0000abab  _DMA_CH3                               
0     0000804f  _DSP28x_usDelay                        
1     00000880  _DevEmuRegs                            
0     0000ad4b  _DisableDog                            
1     00001000  _DmaRegs                               
0     0000a254  _ECAN0INTA_ISR                         
0     0000a268  _ECAN0INTB_ISR                         
0     0000a25e  _ECAN1INTA_ISR                         
0     0000a272  _ECAN1INTB_ISR                         
0     0000a13c  _ECAP1_INT_ISR                         
0     0000a146  _ECAP2_INT_ISR                         
0     0000a150  _ECAP3_INT_ISR                         
0     0000a15a  _ECAP4_INT_ISR                         
0     0000a164  _ECAP5_INT_ISR                         
0     0000a16e  _ECAP6_INT_ISR                         
1     00006040  _ECanaLAMRegs                          
1     000060c0  _ECanaMOTORegs                         
1     00006080  _ECanaMOTSRegs                         
1     00006100  _ECanaMboxes                           
1     00006000  _ECanaRegs                             
1     00006240  _ECanbLAMRegs                          
1     000062c0  _ECanbMOTORegs                         
1     00006280  _ECanbMOTSRegs                         
1     00006300  _ECanbMboxes                           
1     00006200  _ECanbRegs                             
1     00006a00  _ECap1Regs                             
1     00006a20  _ECap2Regs                             
1     00006a40  _ECap3Regs                             
1     00006a60  _ECap4Regs                             
1     00006a80  _ECap5Regs                             
1     00006aa0  _ECap6Regs                             
0     00009fe8  _EMUINT_ISR                            
0     0000a100  _EPWM1_INT_ISR                         
0     0000a0c4  _EPWM1_TZINT_ISR                       
0     0000a10a  _EPWM2_INT_ISR                         
0     0000a0ce  _EPWM2_TZINT_ISR                       
0     0000a114  _EPWM3_INT_ISR                         
0     0000a0d8  _EPWM3_TZINT_ISR                       
0     0000a11e  _EPWM4_INT_ISR                         
0     0000a0e2  _EPWM4_TZINT_ISR                       
0     0000a128  _EPWM5_INT_ISR                         
0     0000a0ec  _EPWM5_TZINT_ISR                       
0     0000a132  _EPWM6_INT_ISR                         
0     0000a0f6  _EPWM6_TZINT_ISR                       
1     00006800  _EPwm1Regs                             
1     00006840  _EPwm2Regs                             
1     00006880  _EPwm3Regs                             
1     000068c0  _EPwm4Regs                             
1     00006900  _EPwm5Regs                             
1     00006940  _EPwm6Regs                             
0     0000a178  _EQEP1_INT_ISR                         
0     0000a182  _EQEP2_INT_ISR                         
1     00006b00  _EQep1Regs                             
1     00006b40  _EQep2Regs                             
1     00000a80  _FlashRegs                             
1     00006f80  _GpioCtrlRegs                          
1     00006fc0  _GpioDataRegs                          
1     00006fe0  _GpioIntRegs                           
0     0000a204  _I2CINT1A_ISR                          
0     0000a20e  _I2CINT2A_ISR                          
0     0000b3d4  _I2C_O2O_Master_Init                   
0     0000b3f4  _I2C_O2O_SendBytes                     
1     00007900  _I2caRegs                              
0     00009ffc  _ILLEGAL_ISR                           
0     00009fc0  _INT13_ISR                             
0     00009fca  _INT14_ISR                             
0     0000b598  _InitCpuTimers                         
0     0000ada4  _InitPeripheralClocks                  
0     0000ad53  _InitPll                               
0     0000ad38  _InitSysCtrl                           
0     0000a825  _Init_DMA                              
0     0000b0c4  _Init_LCD                              
0     0000b966  _Init_LED                              
0     0000b6d9  _Init_McBSPa_DAC                       
0     0000b520  _Init_McBSPb_ADC                       
0     0000b98c  _Init_SWITCH                           
0     0000a7f4  _Init_Timers                           
0     0000ab28  _LCD_ISR                               
0     0000b0f5  _LCD_char                              
0     0000b13c  _LCD_clear                             
0     0000b10f  _LCD_command                           
0     0000b089  _LCD_float                             
0     0000b140  _LCD_home                              
0     0000b129  _LCD_string                            
0     0000a2b8  _LUF_ISR                               
0     0000a2ae  _LVF_ISR                               
0     0000ab8c  _MRB_ISR                               
0     0000a1b4  _MRINTA_ISR                            
0     0000a1a0  _MRINTB_ISR                            
0     0000a1be  _MXINTA_ISR                            
0     0000a1aa  _MXINTB_ISR                            
1     00005000  _McbspaRegs                            
1     00005040  _McbspbRegs                            
0     00009ff2  _NMI_ISR                               
0     0000a2c2  _PIE_RESERVED                          
1     00380090  _PartIdRegs                            
1     00000ce0  _PieCtrlRegs                           
1     00000d00  _PieVectTable                          
1     0000e000  _RFFTF32Coef                           
0     0000a8c2  _RFFT_adc_f32                          
0     0000b144  _RFFT_adc_f32u                         
0     0000a9fa  _RFFT_f32                              
0     0000b922  _RFFT_f32_mag                          
0     0000b893  _RFFT_f32_phase                        
0     0000b60b  _RFFT_f32_sincostable                  
0     0000b83e  _RFFT_f32s_mag                         
0     0000b418  _RFFT_f32u                             
1     0000d040  _RFFTmagBuff                           
1     0000e200  _RFFToutBuff                           
0     00009fde  _RTOSINT_ISR                           
0     0000a22c  _SCIRXINTA_ISR                         
0     0000a240  _SCIRXINTB_ISR                         
0     0000a218  _SCIRXINTC_ISR                         
0     0000a236  _SCITXINTA_ISR                         
0     0000a24a  _SCITXINTB_ISR                         
0     0000a222  _SCITXINTC_ISR                         
0     0000a07e  _SEQ1INT_ISR                           
0     0000a088  _SEQ2INT_ISR                           
0     0000a18c  _SPIRXINTA_ISR                         
0     0000a196  _SPITXINTA_ISR                         
0     0000b9a2  _SWITCH_read                           
1     00007050  _SciaRegs                              
1     00007750  _ScibRegs                              
1     00007770  _ScicRegs                              
0     0000ad41  _ServiceDog                            
1     00007040  _SpiaRegs                              
0     00009c7f  _StartDMACH1                           
0     00009d24  _StartDMACH2                           
0     00009dc9  _StartDMACH3                           
0     00009e6e  _StartDMACH4                           
0     00009f13  _StartDMACH5                           
0     00009fb8  _StartDMACH6                           
1     00007010  _SysCtrlRegs                           
0     0000a0b0  _TINT0_ISR                             
0     0000ab17  _Timer1_ISR                            
0     0000a060  _USER10_ISR                            
0     0000a06a  _USER11_ISR                            
0     0000a074  _USER12_ISR                            
0     0000a006  _USER1_ISR                             
0     0000a010  _USER2_ISR                             
0     0000a01a  _USER3_ISR                             
0     0000a024  _USER4_ISR                             
0     0000a02e  _USER5_ISR                             
0     0000a038  _USER6_ISR                             
0     0000a042  _USER7_ISR                             
0     0000a04c  _USER8_ISR                             
0     0000a056  _USER9_ISR                             
0     0000a0ba  _WAKEINT_ISR                           
0     0000a092  _XINT1_ISR                             
0     0000a09c  _XINT2_ISR                             
0     0000a27c  _XINT3_ISR                             
0     0000a286  _XINT4_ISR                             
0     0000a290  _XINT5_ISR                             
0     0000a29a  _XINT6_ISR                             
0     0000a2a4  _XINT7_ISR                             
1     00007070  _XIntruptRegs                          
1     00000b20  _XintfRegs                             
1     00000700  __STACK_END                            
abs   00000300  __STACK_SIZE                           
1     0000c9ea  ___TI_cleanup_ptr                      
1     0000c9ec  ___TI_dtors_ptr                        
1     0000c9e8  ___TI_enable_exit_profile_output       
abs   ffffffff  ___TI_pprof_out_hndl                   
0     00009ab4  ___TI_printfi                          
abs   ffffffff  ___TI_prof_data_size                   
abs   ffffffff  ___TI_prof_data_start                  
abs   ffffffff  ___binit__                             
abs   ffffffff  ___c_args__                            
0     00008000  ___cinit__                             
0     0000bd2e  ___etext__                             
abs   ffffffff  ___pinit__                             
0     00009000  ___text__                              
0     0000bca9  __args_main                            
1     0000c800  __ctypes_                              
1     0000c9bc  __lock                                 
0     0000bd15  __nop                                  
0     0000bd11  __register_lock                        
0     0000bd0d  __register_unlock                      
1     00000400  __stack                                
0     0000a4e7  __system_post_cinit                    
0     0000bd2c  __system_pre_init                      
1     0000c9be  __unlock                               
0     0000bb2a  _abort                                 
0     0000af04  _atan                                  
0     0000ae30  _atan2                                 
0     0000ae30  _atan2f                                
0     0000af04  _atanf                                 
0     0000ba1c  _atoi                                  
1     0000d180  _audio                                 
0     0000b7e8  _c_int00                               
0     0000b8dc  _copy_in                               
0     0000bb9c  _copysignl                             
0     0000b678  _cos                                   
0     0000b678  _cosf                                  
1     0000c9b6  _count                                 
0     0000bc8f  _ddcopy                                
0     0000bc8f  _dpcopy                                
1     0000c9ee  _errno                                 
0     0000bb2c  _exit                                  
1     0000c9ba  _freq                                  
0     0000b735  _frexpl                                
1     0000d000  _garbage                               
0     0000afcd  _ldexpl                                
0     0000ba7d  _ltoa                                  
0     0000a6d7  _main                                  
0     0000bce8  _memccpy                               
0     0000bc1c  _memcpy                                
0     0000bcf5  _memset                                
0     0000bc8f  _pdcopy                                
1     0000c200  _ping_1                                
1     0000c000  _ping_2                                
1     0000c400  _pong_1                                
1     0000c100  _pong_2                                
0     0000bc8f  _ppcopy                                
1     0000c9b7  _program_state                         
1     0000c9b8  _ready                                 
1     0000d002  _rfft                                  
0     0000a952  _rfft_adc_f32_Stages4andUp             
0     0000aa03  _rfft_f32_Stages1and2and3andBitReverse 
0     0000aa6f  _rfft_f32_Stages4andUp                 
0     0000b421  _rfft_f32u_Stages1and2and3andBitReverse
0     0000a2cc  _rsvd_ISR                              
0     0000afcd  _scalbnl                               
0     0000b790  _sin                                   
0     0000b790  _sinf                                  
0     0000b9ea  _sprintf                               
0     0000bb54  _sqrt                                  
0     0000bb54  _sqrtf                                 
0     0000bd01  _strchr                                
0     0000bd27  _strcpy                                
0     0000bd1f  _strlen                                
abs   ffffffff  binit                                  
0     00008000  cinit                                  
0     0000bd2e  etext                                  
abs   ffffffff  pinit                                  


GLOBAL SYMBOLS: SORTED BY Symbol Address 

page  address   name                                   
----  -------   ----                                   
0     00008000  ___cinit__                             
0     00008000  cinit                                  
0     0000804f  _DSP28x_usDelay                        
0     00009000  .text                                  
0     00009000  ___text__                              
0     00009ab4  ___TI_printfi                          
0     00009bd9  _DMAInitialize                         
0     00009be2  _DMACH1AddrConfig                      
0     00009bf2  _DMACH1BurstConfig                     
0     00009c02  _DMACH1TransferConfig                  
0     00009c12  _DMACH1WrapConfig                      
0     00009c25  _DMACH1ModeConfig                      
0     00009c7f  _StartDMACH1                           
0     00009c87  _DMACH2AddrConfig                      
0     00009c97  _DMACH2BurstConfig                     
0     00009ca7  _DMACH2TransferConfig                  
0     00009cb7  _DMACH2WrapConfig                      
0     00009cca  _DMACH2ModeConfig                      
0     00009d24  _StartDMACH2                           
0     00009d2c  _DMACH3AddrConfig                      
0     00009d3c  _DMACH3BurstConfig                     
0     00009d4c  _DMACH3TransferConfig                  
0     00009d5c  _DMACH3WrapConfig                      
0     00009d6f  _DMACH3ModeConfig                      
0     00009dc9  _StartDMACH3                           
0     00009dd1  _DMACH4AddrConfig                      
0     00009de1  _DMACH4BurstConfig                     
0     00009df1  _DMACH4TransferConfig                  
0     00009e01  _DMACH4WrapConfig                      
0     00009e14  _DMACH4ModeConfig                      
0     00009e6e  _StartDMACH4                           
0     00009e76  _DMACH5AddrConfig                      
0     00009e86  _DMACH5BurstConfig                     
0     00009e96  _DMACH5TransferConfig                  
0     00009ea6  _DMACH5WrapConfig                      
0     00009eb9  _DMACH5ModeConfig                      
0     00009f13  _StartDMACH5                           
0     00009f1b  _DMACH6AddrConfig                      
0     00009f2b  _DMACH6BurstConfig                     
0     00009f3b  _DMACH6TransferConfig                  
0     00009f4b  _DMACH6WrapConfig                      
0     00009f5e  _DMACH6ModeConfig                      
0     00009fb8  _StartDMACH6                           
0     00009fc0  _INT13_ISR                             
0     00009fca  _INT14_ISR                             
0     00009fd4  _DATALOG_ISR                           
0     00009fde  _RTOSINT_ISR                           
0     00009fe8  _EMUINT_ISR                            
0     00009ff2  _NMI_ISR                               
0     00009ffc  _ILLEGAL_ISR                           
0     0000a006  _USER1_ISR                             
0     0000a010  _USER2_ISR                             
0     0000a01a  _USER3_ISR                             
0     0000a024  _USER4_ISR                             
0     0000a02e  _USER5_ISR                             
0     0000a038  _USER6_ISR                             
0     0000a042  _USER7_ISR                             
0     0000a04c  _USER8_ISR                             
0     0000a056  _USER9_ISR                             
0     0000a060  _USER10_ISR                            
0     0000a06a  _USER11_ISR                            
0     0000a074  _USER12_ISR                            
0     0000a07e  _SEQ1INT_ISR                           
0     0000a088  _SEQ2INT_ISR                           
0     0000a092  _XINT1_ISR                             
0     0000a09c  _XINT2_ISR                             
0     0000a0a6  _ADCINT_ISR                            
0     0000a0b0  _TINT0_ISR                             
0     0000a0ba  _WAKEINT_ISR                           
0     0000a0c4  _EPWM1_TZINT_ISR                       
0     0000a0ce  _EPWM2_TZINT_ISR                       
0     0000a0d8  _EPWM3_TZINT_ISR                       
0     0000a0e2  _EPWM4_TZINT_ISR                       
0     0000a0ec  _EPWM5_TZINT_ISR                       
0     0000a0f6  _EPWM6_TZINT_ISR                       
0     0000a100  _EPWM1_INT_ISR                         
0     0000a10a  _EPWM2_INT_ISR                         
0     0000a114  _EPWM3_INT_ISR                         
0     0000a11e  _EPWM4_INT_ISR                         
0     0000a128  _EPWM5_INT_ISR                         
0     0000a132  _EPWM6_INT_ISR                         
0     0000a13c  _ECAP1_INT_ISR                         
0     0000a146  _ECAP2_INT_ISR                         
0     0000a150  _ECAP3_INT_ISR                         
0     0000a15a  _ECAP4_INT_ISR                         
0     0000a164  _ECAP5_INT_ISR                         
0     0000a16e  _ECAP6_INT_ISR                         
0     0000a178  _EQEP1_INT_ISR                         
0     0000a182  _EQEP2_INT_ISR                         
0     0000a18c  _SPIRXINTA_ISR                         
0     0000a196  _SPITXINTA_ISR                         
0     0000a1a0  _MRINTB_ISR                            
0     0000a1aa  _MXINTB_ISR                            
0     0000a1b4  _MRINTA_ISR                            
0     0000a1be  _MXINTA_ISR                            
0     0000a1c8  _DINTCH1_ISR                           
0     0000a1d2  _DINTCH2_ISR                           
0     0000a1dc  _DINTCH3_ISR                           
0     0000a1e6  _DINTCH4_ISR                           
0     0000a1f0  _DINTCH5_ISR                           
0     0000a1fa  _DINTCH6_ISR                           
0     0000a204  _I2CINT1A_ISR                          
0     0000a20e  _I2CINT2A_ISR                          
0     0000a218  _SCIRXINTC_ISR                         
0     0000a222  _SCITXINTC_ISR                         
0     0000a22c  _SCIRXINTA_ISR                         
0     0000a236  _SCITXINTA_ISR                         
0     0000a240  _SCIRXINTB_ISR                         
0     0000a24a  _SCITXINTB_ISR                         
0     0000a254  _ECAN0INTA_ISR                         
0     0000a25e  _ECAN1INTA_ISR                         
0     0000a268  _ECAN0INTB_ISR                         
0     0000a272  _ECAN1INTB_ISR                         
0     0000a27c  _XINT3_ISR                             
0     0000a286  _XINT4_ISR                             
0     0000a290  _XINT5_ISR                             
0     0000a29a  _XINT6_ISR                             
0     0000a2a4  _XINT7_ISR                             
0     0000a2ae  _LVF_ISR                               
0     0000a2b8  _LUF_ISR                               
0     0000a2c2  _PIE_RESERVED                          
0     0000a2cc  _rsvd_ISR                              
0     0000a2d6  _CFFT_f32u                             
0     0000a4e7  __system_post_cinit                    
0     0000a4e8  _CFFT_f32                              
0     0000a6d7  _main                                  
0     0000a7f4  _Init_Timers                           
0     0000a825  _Init_DMA                              
0     0000a8c2  _RFFT_adc_f32                          
0     0000a952  _rfft_adc_f32_Stages4andUp             
0     0000a9fa  _RFFT_f32                              
0     0000aa03  _rfft_f32_Stages1and2and3andBitReverse 
0     0000aa6f  _rfft_f32_Stages4andUp                 
0     0000ab17  _Timer1_ISR                            
0     0000ab28  _LCD_ISR                               
0     0000ab8c  _MRB_ISR                               
0     0000abab  _DMA_CH3                               
0     0000abbe  _DMA_CH2                               
0     0000ac31  LL$$DIV                                
0     0000ac6d  LL$$MOD                                
0     0000aca7  ULL$$DIV                               
0     0000acd6  ULL$$MOD                               
0     0000ad38  _InitSysCtrl                           
0     0000ad41  _ServiceDog                            
0     0000ad4b  _DisableDog                            
0     0000ad53  _InitPll                               
0     0000ada4  _InitPeripheralClocks                  
0     0000adff  _CsmUnlock                             
0     0000ae30  _atan2                                 
0     0000ae30  _atan2f                                
0     0000af04  _atan                                  
0     0000af04  _atanf                                 
0     0000afcd  _ldexpl                                
0     0000afcd  _scalbnl                               
0     0000b089  _LCD_float                             
0     0000b0c4  _Init_LCD                              
0     0000b0f5  _LCD_char                              
0     0000b10f  _LCD_command                           
0     0000b129  _LCD_string                            
0     0000b13c  _LCD_clear                             
0     0000b140  _LCD_home                              
0     0000b144  _RFFT_adc_f32u                         
0     0000b1e2  FD$$ADD                                
0     0000b27e  FD$$DIV                                
0     0000b309  FS$$DIV                                
0     0000b3d4  _I2C_O2O_Master_Init                   
0     0000b3f4  _I2C_O2O_SendBytes                     
0     0000b418  _RFFT_f32u                             
0     0000b421  _rfft_f32u_Stages1and2and3andBitReverse
0     0000b49d  FD$$MPY                                
0     0000b520  _Init_McBSPb_ADC                       
0     0000b57a  _ADC_in                                
0     0000b598  _InitCpuTimers                         
0     0000b5d1  _ConfigCpuTimer                        
0     0000b60b  _RFFT_f32_sincostable                  
0     0000b678  _cos                                   
0     0000b678  _cosf                                  
0     0000b6d9  _Init_McBSPa_DAC                       
0     0000b72b  _DAC_out                               
0     0000b735  _frexpl                                
0     0000b790  _sin                                   
0     0000b790  _sinf                                  
0     0000b7e8  _c_int00                               
0     0000b83e  _RFFT_f32s_mag                         
0     0000b893  _RFFT_f32_phase                        
0     0000b8dc  _copy_in                               
0     0000b922  _RFFT_f32_mag                          
0     0000b966  _Init_LED                              
0     0000b98c  _Init_SWITCH                           
0     0000b9a2  _SWITCH_read                           
0     0000b9a9  _CFFT_f32s_mag                         
0     0000b9ea  _sprintf                               
0     0000ba1c  _atoi                                  
0     0000ba4d  _CFFT_f32_mag                          
0     0000ba7d  _ltoa                                  
0     0000baab  _CFFT_f32_phase                        
0     0000bad6  FD$$CMP                                
0     0000bb00  L$$DIV                                 
0     0000bb0f  L$$MOD                                 
0     0000bb1d  UL$$DIV                                
0     0000bb24  UL$$MOD                                
0     0000bb2a  C$$EXIT                                
0     0000bb2a  _abort                                 
0     0000bb2c  _exit                                  
0     0000bb54  _sqrt                                  
0     0000bb54  _sqrtf                                 
0     0000bb79  FD$$TOFS                               
0     0000bb9c  _copysignl                             
0     0000bbbe  FD$$TOI                                
0     0000bbdf  FD$$TOL                                
0     0000bbfe  LL$$CMP                                
0     0000bc10  ULL$$CMP                               
0     0000bc1c  _memcpy                                
0     0000bc3a  I$$TOFD                                
0     0000bc57  FS$$TOFD                               
0     0000bc73  L$$TOFD                                
0     0000bc8f  _ddcopy                                
0     0000bc8f  _dpcopy                                
0     0000bc8f  _pdcopy                                
0     0000bc8f  _ppcopy                                
0     0000bca9  __args_main                            
0     0000bcc2  LL$$AND                                
0     0000bcca  LL$$OR                                 
0     0000bcd2  LL$$XOR                                
0     0000bcda  FD$$SUB                                
0     0000bce8  _memccpy                               
0     0000bcf5  _memset                                
0     0000bd01  _strchr                                
0     0000bd0d  __register_unlock                      
0     0000bd11  __register_lock                        
0     0000bd15  __nop                                  
0     0000bd16  FD$$NEG                                
0     0000bd1f  _strlen                                
0     0000bd27  _strcpy                                
0     0000bd2c  __system_pre_init                      
0     0000bd2e  ___etext__                             
0     0000bd2e  etext                                  
0     00380080  _ADC_cal                               
1     00000400  __stack                                
1     00000700  __STACK_END                            
1     00000880  _DevEmuRegs                            
1     00000a80  _FlashRegs                             
1     00000ae0  _CsmRegs                               
1     00000b00  _AdcMirror                             
1     00000b20  _XintfRegs                             
1     00000c00  _CpuTimer0Regs                         
1     00000c08  _CpuTimer1Regs                         
1     00000c10  _CpuTimer2Regs                         
1     00000ce0  _PieCtrlRegs                           
1     00000d00  _PieVectTable                          
1     00001000  _DmaRegs                               
1     00005000  _McbspaRegs                            
1     00005040  _McbspbRegs                            
1     00006000  _ECanaRegs                             
1     00006040  _ECanaLAMRegs                          
1     00006080  _ECanaMOTSRegs                         
1     000060c0  _ECanaMOTORegs                         
1     00006100  _ECanaMboxes                           
1     00006200  _ECanbRegs                             
1     00006240  _ECanbLAMRegs                          
1     00006280  _ECanbMOTSRegs                         
1     000062c0  _ECanbMOTORegs                         
1     00006300  _ECanbMboxes                           
1     00006800  _EPwm1Regs                             
1     00006840  _EPwm2Regs                             
1     00006880  _EPwm3Regs                             
1     000068c0  _EPwm4Regs                             
1     00006900  _EPwm5Regs                             
1     00006940  _EPwm6Regs                             
1     00006a00  _ECap1Regs                             
1     00006a20  _ECap2Regs                             
1     00006a40  _ECap3Regs                             
1     00006a60  _ECap4Regs                             
1     00006a80  _ECap5Regs                             
1     00006aa0  _ECap6Regs                             
1     00006b00  _EQep1Regs                             
1     00006b40  _EQep2Regs                             
1     00006f80  _GpioCtrlRegs                          
1     00006fc0  _GpioDataRegs                          
1     00006fe0  _GpioIntRegs                           
1     00007010  _SysCtrlRegs                           
1     00007040  _SpiaRegs                              
1     00007050  _SciaRegs                              
1     00007070  _XIntruptRegs                          
1     00007100  _AdcRegs                               
1     00007750  _ScibRegs                              
1     00007770  _ScicRegs                              
1     00007900  _I2caRegs                              
1     0000c000  _ping_2                                
1     0000c100  _pong_2                                
1     0000c200  _ping_1                                
1     0000c400  _pong_1                                
1     0000c800  __ctypes_                              
1     0000c99e  _CpuTimer1                             
1     0000c9a6  _CpuTimer2                             
1     0000c9ae  _CpuTimer0                             
1     0000c9b6  _count                                 
1     0000c9b7  _program_state                         
1     0000c9b8  _ready                                 
1     0000c9ba  _freq                                  
1     0000c9bc  __lock                                 
1     0000c9be  __unlock                               
1     0000c9e8  ___TI_enable_exit_profile_output       
1     0000c9ea  ___TI_cleanup_ptr                      
1     0000c9ec  ___TI_dtors_ptr                        
1     0000c9ee  _errno                                 
1     0000d000  _garbage                               
1     0000d002  _rfft                                  
1     0000d040  _RFFTmagBuff                           
1     0000d180  _audio                                 
1     0000e000  _RFFTF32Coef                           
1     0000e200  _RFFToutBuff                           
1     0033fff8  _CsmPwl                                
1     00380090  _PartIdRegs                            
abs   00000300  __STACK_SIZE                           
abs   ffffffff  ___TI_pprof_out_hndl                   
abs   ffffffff  ___TI_prof_data_size                   
abs   ffffffff  ___TI_prof_data_start                  
abs   ffffffff  ___binit__                             
abs   ffffffff  ___c_args__                            
abs   ffffffff  ___pinit__                             
abs   ffffffff  binit                                  
abs   ffffffff  pinit                                  

[323 symbols]
